*** EVALUATION ************************************************************************************************
*********************************************************************************************
LINKING FAILED
The linking process failed in some stage.
Depending on the phase the linker failed, part of the information contained in this map file may be inaccurate or wrong.
If the linking failed before the allocation phase finished, then the addresses might be inaccurate.
Also summary information like the code size is likely to be misleading.
---------------------------------------------------------------------------------------------
---------------------------------------------------------------------------------------------

PROGRAM "Laboratorio8.abs"

*********************************************************************************************
TARGET SECTION
---------------------------------------------------------------------------------------------
Processor   : Freescale HC08
Memory Model: SMALL
File Format : ELF (no debug info)
Linker      : SmartLinker V-5.0.53 Build 17146, May 27 2017

*********************************************************************************************
FILE SECTION
---------------------------------------------------------------------------------------------
main_c.obj                              Model: SMALL,         Lang: ANSI-C,        Compiler Version: ANSI-C/cC++ Compiler for HC08 V-5.0.46 Build 17146, May 27 2017
start08_c.obj                           Model: SMALL,         Lang: ANSI-C,        Compiler Version: ANSI-C/cC++ Compiler for HC08 V-5.0.46 Build 17146, May 27 2017
mc9s08qe16_c.obj                        Model: SMALL,         Lang: ANSI-C,        Compiler Version: ANSI-C/cC++ Compiler for HC08 V-5.0.46 Build 17146, May 27 2017
rtshc08.o (ansifs.lib)                  Model: SMALL,         Lang: ANSI-C,        Compiler Version: ANSI-C/cC++ Compiler for HC08 V-5.0.46 Build 17146, May 27 2017

*********************************************************************************************
STARTUP SECTION
---------------------------------------------------------------------------------------------

*********************************************************************************************
SECTION-ALLOCATION SECTION
Section Name                    Size  Type     From       To       Segment
---------------------------------------------------------------------------------------------
.abs_section_ffd8                  2     R     0xFFD8     0xFFD9   .absSeg0
.abs_section_0                     1   N/I        0x0        0x0   .absSeg1
.abs_section_1                     1   N/I        0x1        0x1   .absSeg2
.abs_section_2                     1   N/I        0x2        0x2   .absSeg3
.abs_section_3                     1   N/I        0x3        0x3   .absSeg4
.abs_section_4                     1   N/I        0x4        0x4   .absSeg5
.abs_section_5                     1   N/I        0x5        0x5   .absSeg6
.abs_section_6                     1   N/I        0x6        0x6   .absSeg7
.abs_section_7                     1   N/I        0x7        0x7   .absSeg8
.abs_section_8                     1   N/I        0x8        0x8   .absSeg9
.abs_section_9                     1   N/I        0x9        0x9   .absSeg10
.abs_section_c                     1   N/I        0xC        0xC   .absSeg11
.abs_section_d                     1   N/I        0xD        0xD   .absSeg12
.abs_section_e                     1   N/I        0xE        0xE   .absSeg13
.abs_section_f                     1   N/I        0xF        0xF   .absSeg14
.abs_section_10                    1   N/I       0x10       0x10   .absSeg15
.abs_section_11                    1   N/I       0x11       0x11   .absSeg16
.abs_section_16                    1   N/I       0x16       0x16   .absSeg17
.abs_section_17                    1   N/I       0x17       0x17   .absSeg18
.abs_section_18                    1   N/I       0x18       0x18   .absSeg19
.abs_section_1a                    1   N/I       0x1A       0x1A   .absSeg20
.abs_section_1b                    1   N/I       0x1B       0x1B   .absSeg21
.abs_section_22                    1   N/I       0x22       0x22   .absSeg22
.abs_section_23                    1   N/I       0x23       0x23   .absSeg23
.abs_section_24                    1   N/I       0x24       0x24   .absSeg24
.abs_section_25                    1   N/I       0x25       0x25   .absSeg25
.abs_section_26                    1   N/I       0x26       0x26   .absSeg26
.abs_section_27                    1   N/I       0x27       0x27   .absSeg27
.abs_section_28                    1   N/I       0x28       0x28   .absSeg28
.abs_section_29                    1   N/I       0x29       0x29   .absSeg29
.abs_section_2a                    1   N/I       0x2A       0x2A   .absSeg30
.abs_section_2b                    1   N/I       0x2B       0x2B   .absSeg31
.abs_section_2d                    1   N/I       0x2D       0x2D   .absSeg32
.abs_section_30                    1   N/I       0x30       0x30   .absSeg33
.abs_section_31                    1   N/I       0x31       0x31   .absSeg34
.abs_section_32                    1   N/I       0x32       0x32   .absSeg35
.abs_section_33                    1   N/I       0x33       0x33   .absSeg36
.abs_section_34                    1   N/I       0x34       0x34   .absSeg37
.abs_section_35                    1   N/I       0x35       0x35   .absSeg38
.abs_section_38                    1   N/I       0x38       0x38   .absSeg39
.abs_section_39                    1   N/I       0x39       0x39   .absSeg40
.abs_section_3a                    1   N/I       0x3A       0x3A   .absSeg41
.abs_section_3b                    1   N/I       0x3B       0x3B   .absSeg42
.abs_section_3c                    1   N/I       0x3C       0x3C   .absSeg43
.abs_section_3d                    1   N/I       0x3D       0x3D   .absSeg44
.abs_section_3e                    1   N/I       0x3E       0x3E   .absSeg45
.abs_section_40                    1   N/I       0x40       0x40   .absSeg46
.abs_section_45                    1   N/I       0x45       0x45   .absSeg47
.abs_section_48                    1   N/I       0x48       0x48   .absSeg48
.abs_section_4b                    1   N/I       0x4B       0x4B   .absSeg49
.abs_section_50                    1   N/I       0x50       0x50   .absSeg50
.abs_section_55                    1   N/I       0x55       0x55   .absSeg51
.abs_section_58                    1   N/I       0x58       0x58   .absSeg52
.abs_section_5b                    1   N/I       0x5B       0x5B   .absSeg53
.abs_section_60                    1   N/I       0x60       0x60   .absSeg54
.abs_section_65                    1   N/I       0x65       0x65   .absSeg55
.abs_section_68                    1   N/I       0x68       0x68   .absSeg56
.abs_section_6b                    1   N/I       0x6B       0x6B   .absSeg57
.abs_section_6e                    1   N/I       0x6E       0x6E   .absSeg58
.abs_section_71                    1   N/I       0x71       0x71   .absSeg59
.abs_section_74                    1   N/I       0x74       0x74   .absSeg60
.abs_section_1800                  1   N/I     0x1800     0x1800   .absSeg61
.abs_section_1801                  1   N/I     0x1801     0x1801   .absSeg62
.abs_section_1802                  1   N/I     0x1802     0x1802   .absSeg63
.abs_section_1803                  1   N/I     0x1803     0x1803   .absSeg64
.abs_section_1808                  1   N/I     0x1808     0x1808   .absSeg65
.abs_section_1809                  1   N/I     0x1809     0x1809   .absSeg66
.abs_section_180b                  1   N/I     0x180B     0x180B   .absSeg67
.abs_section_180e                  1   N/I     0x180E     0x180E   .absSeg68
.abs_section_180f                  1   N/I     0x180F     0x180F   .absSeg69
.abs_section_1818                  1   N/I     0x1818     0x1818   .absSeg70
.abs_section_1819                  1   N/I     0x1819     0x1819   .absSeg71
.abs_section_181a                  1   N/I     0x181A     0x181A   .absSeg72
.abs_section_181c                  1   N/I     0x181C     0x181C   .absSeg73
.abs_section_181d                  1   N/I     0x181D     0x181D   .absSeg74
.abs_section_181e                  1   N/I     0x181E     0x181E   .absSeg75
.abs_section_181f                  1   N/I     0x181F     0x181F   .absSeg76
.abs_section_1820                  1   N/I     0x1820     0x1820   .absSeg77
.abs_section_1821                  1   N/I     0x1821     0x1821   .absSeg78
.abs_section_1823                  1   N/I     0x1823     0x1823   .absSeg79
.abs_section_1824                  1   N/I     0x1824     0x1824   .absSeg80
.abs_section_1825                  1   N/I     0x1825     0x1825   .absSeg81
.abs_section_1826                  1   N/I     0x1826     0x1826   .absSeg82
.abs_section_1830                  1   N/I     0x1830     0x1830   .absSeg83
.abs_section_1831                  1   N/I     0x1831     0x1831   .absSeg84
.abs_section_1832                  1   N/I     0x1832     0x1832   .absSeg85
.abs_section_1840                  1   N/I     0x1840     0x1840   .absSeg86
.abs_section_1841                  1   N/I     0x1841     0x1841   .absSeg87
.abs_section_1842                  1   N/I     0x1842     0x1842   .absSeg88
.abs_section_1844                  1   N/I     0x1844     0x1844   .absSeg89
.abs_section_1845                  1   N/I     0x1845     0x1845   .absSeg90
.abs_section_1846                  1   N/I     0x1846     0x1846   .absSeg91
.abs_section_1848                  1   N/I     0x1848     0x1848   .absSeg92
.abs_section_1849                  1   N/I     0x1849     0x1849   .absSeg93
.abs_section_184a                  1   N/I     0x184A     0x184A   .absSeg94
.abs_section_184c                  1   N/I     0x184C     0x184C   .absSeg95
.abs_section_184d                  1   N/I     0x184D     0x184D   .absSeg96
.abs_section_184e                  1   N/I     0x184E     0x184E   .absSeg97
.abs_section_1850                  1   N/I     0x1850     0x1850   .absSeg98
.abs_section_1851                  1   N/I     0x1851     0x1851   .absSeg99
.abs_section_1852                  1   N/I     0x1852     0x1852   .absSeg100
.abs_section_1872                  1   N/I     0x1872     0x1872   .absSeg101
.abs_section_1873                  1   N/I     0x1873     0x1873   .absSeg102
.abs_section_1874                  1   N/I     0x1874     0x1874   .absSeg103
.abs_section_1875                  1   N/I     0x1875     0x1875   .absSeg104
.abs_section_1876                  1   N/I     0x1876     0x1876   .absSeg105
.abs_section_1877                  1   N/I     0x1877     0x1877   .absSeg106
.abs_section_12                    2   N/I       0x12       0x13   .absSeg107
.abs_section_14                    2   N/I       0x14       0x15   .absSeg108
.abs_section_20                    2   N/I       0x20       0x21   .absSeg109
.abs_section_41                    2   N/I       0x41       0x42   .absSeg110
.abs_section_43                    2   N/I       0x43       0x44   .absSeg111
.abs_section_46                    2   N/I       0x46       0x47   .absSeg112
.abs_section_49                    2   N/I       0x49       0x4A   .absSeg113
.abs_section_4c                    2   N/I       0x4C       0x4D   .absSeg114
.abs_section_51                    2   N/I       0x51       0x52   .absSeg115
.abs_section_53                    2   N/I       0x53       0x54   .absSeg116
.abs_section_56                    2   N/I       0x56       0x57   .absSeg117
.abs_section_59                    2   N/I       0x59       0x5A   .absSeg118
.abs_section_5c                    2   N/I       0x5C       0x5D   .absSeg119
.abs_section_61                    2   N/I       0x61       0x62   .absSeg120
.abs_section_63                    2   N/I       0x63       0x64   .absSeg121
.abs_section_66                    2   N/I       0x66       0x67   .absSeg122
.abs_section_69                    2   N/I       0x69       0x6A   .absSeg123
.abs_section_6c                    2   N/I       0x6C       0x6D   .absSeg124
.abs_section_6f                    2   N/I       0x6F       0x70   .absSeg125
.abs_section_72                    2   N/I       0x72       0x73   .absSeg126
.abs_section_75                    2   N/I       0x75       0x76   .absSeg127
.abs_section_1806                  2   N/I     0x1806     0x1807   .absSeg128
.abs_section_1810                  2   N/I     0x1810     0x1811   .absSeg129
.abs_section_1812                  2   N/I     0x1812     0x1813   .absSeg130
.abs_section_1814                  2   N/I     0x1814     0x1815   .absSeg131
.abs_section_1816                  2   N/I     0x1816     0x1817   .absSeg132
.abs_section_1870                  2   N/I     0x1870     0x1871   .absSeg133

Summary of section sizes per section type:
READ_ONLY (R):           2 (dec:        2)
NO_INIT (N/I):          A0 (dec:      160)

*********************************************************************************************
VECTOR-ALLOCATION SECTION
    Address     InitValue   InitFunction
---------------------------------------------------------------------------------------------

*********************************************************************************************
OBJECT-ALLOCATION SECTION
     Name               Module                 Addr   hSize   dSize     Ref    Section   RLIB
---------------------------------------------------------------------------------------------
MODULE:                 -- main_c.obj --
- PROCEDURES:
     adc_isr                                      0'Error      FD     253       0   .text       
     setADC                                       0'Error      16      22       0   .text       
     setSCI                                       0'Error      1C      28       0   .text       
     main                                         0'Error      1E      30       0   .text       
     delay                                        0'Error      1C      28       0   .text       
- VARIABLES:
     canal                                        0'Error       1       1       0   .bss        
     _Vector_19                                FFD8       2       2       0   .abs_section_ffd8
     varDelay                                     0'Error       2       2       0   .common     
MODULE:                 -- start08_c.obj --
- PROCEDURES:
     loadByte                                     0'Error       E      14       0   .text       
     Init                                         0'Error      6D     109       0   .text       
     _Startup                                     0'Error       9       9       0   .text       
- VARIABLES:
     _startupData                                 0'Error       6       6       0   _STARTUP    
- LABELS:
     __SEG_END_SSTACK                             0'Error       0       0       0               
MODULE:                 -- mc9s08qe16_c.obj --
- PROCEDURES:
- VARIABLES:
     _PTAD                                        0       1       1       0   .abs_section_0
     _PTADD                                       1       1       1       0   .abs_section_1
     _PTBD                                        2       1       1       0   .abs_section_2
     _PTBDD                                       3       1       1       0   .abs_section_3
     _PTCD                                        4       1       1       0   .abs_section_4
     _PTCDD                                       5       1       1       0   .abs_section_5
     _PTDD                                        6       1       1       0   .abs_section_6
     _PTDDD                                       7       1       1       0   .abs_section_7
     _PTED                                        8       1       1       0   .abs_section_8
     _PTEDD                                       9       1       1       0   .abs_section_9
     _KBI1SC                                      C       1       1       0   .abs_section_c
     _KBI1PE                                      D       1       1       0   .abs_section_d
     _KBI1ES                                      E       1       1       0   .abs_section_e
     _IRQSC                                       F       1       1       0   .abs_section_f
     _ADCSC1                                     10       1       1       0   .abs_section_10
     _ADCSC2                                     11       1       1       0   .abs_section_11
     _ADCCFG                                     16       1       1       0   .abs_section_16
     _APCTL1                                     17       1       1       0   .abs_section_17
     _APCTL2                                     18       1       1       0   .abs_section_18
     _ACMP1SC                                    1A       1       1       0   .abs_section_1a
     _ACMP2SC                                    1B       1       1       0   .abs_section_1b
     _SCI1C1                                     22       1       1       0   .abs_section_22
     _SCI1C2                                     23       1       1       0   .abs_section_23
     _SCI1S1                                     24       1       1       0   .abs_section_24
     _SCI1S2                                     25       1       1       0   .abs_section_25
     _SCI1C3                                     26       1       1       0   .abs_section_26
     _SCI1D                                      27       1       1       0   .abs_section_27
     _SPIC1                                      28       1       1       0   .abs_section_28
     _SPIC2                                      29       1       1       0   .abs_section_29
     _SPIBR                                      2A       1       1       0   .abs_section_2a
     _SPIS                                       2B       1       1       0   .abs_section_2b
     _SPID                                       2D       1       1       0   .abs_section_2d
     _IICA                                       30       1       1       0   .abs_section_30
     _IICF                                       31       1       1       0   .abs_section_31
     _IICC1                                      32       1       1       0   .abs_section_32
     _IICS                                       33       1       1       0   .abs_section_33
     _IICD                                       34       1       1       0   .abs_section_34
     _IICC2                                      35       1       1       0   .abs_section_35
     _ICSC1                                      38       1       1       0   .abs_section_38
     _ICSC2                                      39       1       1       0   .abs_section_39
     _ICSTRM                                     3A       1       1       0   .abs_section_3a
     _ICSSC                                      3B       1       1       0   .abs_section_3b
     _KBI2SC                                     3C       1       1       0   .abs_section_3c
     _KBI2PE                                     3D       1       1       0   .abs_section_3d
     _KBI2ES                                     3E       1       1       0   .abs_section_3e
     _TPM1SC                                     40       1       1       0   .abs_section_40
     _TPM1C0SC                                   45       1       1       0   .abs_section_45
     _TPM1C1SC                                   48       1       1       0   .abs_section_48
     _TPM1C2SC                                   4B       1       1       0   .abs_section_4b
     _TPM2SC                                     50       1       1       0   .abs_section_50
     _TPM2C0SC                                   55       1       1       0   .abs_section_55
     _TPM2C1SC                                   58       1       1       0   .abs_section_58
     _TPM2C2SC                                   5B       1       1       0   .abs_section_5b
     _TPM3SC                                     60       1       1       0   .abs_section_60
     _TPM3C0SC                                   65       1       1       0   .abs_section_65
     _TPM3C1SC                                   68       1       1       0   .abs_section_68
     _TPM3C2SC                                   6B       1       1       0   .abs_section_6b
     _TPM3C3SC                                   6E       1       1       0   .abs_section_6e
     _TPM3C4SC                                   71       1       1       0   .abs_section_71
     _TPM3C5SC                                   74       1       1       0   .abs_section_74
     _SRS                                      1800       1       1       0   .abs_section_1800
     _SBDFR                                    1801       1       1       0   .abs_section_1801
     _SOPT1                                    1802       1       1       0   .abs_section_1802
     _SOPT2                                    1803       1       1       0   .abs_section_1803
     _SPMSC1                                   1808       1       1       0   .abs_section_1808
     _SPMSC2                                   1809       1       1       0   .abs_section_1809
     _SPMSC3                                   180B       1       1       0   .abs_section_180b
     _SCGC1                                    180E       1       1       0   .abs_section_180e
     _SCGC2                                    180F       1       1       0   .abs_section_180f
     _DBGCAX                                   1818       1       1       0   .abs_section_1818
     _DBGCBX                                   1819       1       1       0   .abs_section_1819
     _DBGCCX                                   181A       1       1       0   .abs_section_181a
     _DBGC                                     181C       1       1       0   .abs_section_181c
     _DBGT                                     181D       1       1       0   .abs_section_181d
     _DBGS                                     181E       1       1       0   .abs_section_181e
     _DBGCNT                                   181F       1       1       0   .abs_section_181f
     _FCDIV                                    1820       1       1       0   .abs_section_1820
     _FOPT                                     1821       1       1       0   .abs_section_1821
     _FCNFG                                    1823       1       1       0   .abs_section_1823
     _FPROT                                    1824       1       1       0   .abs_section_1824
     _FSTAT                                    1825       1       1       0   .abs_section_1825
     _FCMD                                     1826       1       1       0   .abs_section_1826
     _RTCSC                                    1830       1       1       0   .abs_section_1830
     _RTCCNT                                   1831       1       1       0   .abs_section_1831
     _RTCMOD                                   1832       1       1       0   .abs_section_1832
     _PTAPE                                    1840       1       1       0   .abs_section_1840
     _PTASE                                    1841       1       1       0   .abs_section_1841
     _PTADS                                    1842       1       1       0   .abs_section_1842
     _PTBPE                                    1844       1       1       0   .abs_section_1844
     _PTBSE                                    1845       1       1       0   .abs_section_1845
     _PTBDS                                    1846       1       1       0   .abs_section_1846
     _PTCPE                                    1848       1       1       0   .abs_section_1848
     _PTCSE                                    1849       1       1       0   .abs_section_1849
     _PTCDS                                    184A       1       1       0   .abs_section_184a
     _PTDPE                                    184C       1       1       0   .abs_section_184c
     _PTDSE                                    184D       1       1       0   .abs_section_184d
     _PTDDS                                    184E       1       1       0   .abs_section_184e
     _PTEPE                                    1850       1       1       0   .abs_section_1850
     _PTESE                                    1851       1       1       0   .abs_section_1851
     _PTEDS                                    1852       1       1       0   .abs_section_1852
     _SCI2C1                                   1872       1       1       0   .abs_section_1872
     _SCI2C2                                   1873       1       1       0   .abs_section_1873
     _SCI2S1                                   1874       1       1       0   .abs_section_1874
     _SCI2S2                                   1875       1       1       0   .abs_section_1875
     _SCI2C3                                   1876       1       1       0   .abs_section_1876
     _SCI2D                                    1877       1       1       0   .abs_section_1877
     _ADCR                                       12       2       2       0   .abs_section_12
     _ADCCV                                      14       2       2       0   .abs_section_14
     _SCI1BD                                     20       2       2       0   .abs_section_20
     _TPM1CNT                                    41       2       2       0   .abs_section_41
     _TPM1MOD                                    43       2       2       0   .abs_section_43
     _TPM1C0V                                    46       2       2       0   .abs_section_46
     _TPM1C1V                                    49       2       2       0   .abs_section_49
     _TPM1C2V                                    4C       2       2       0   .abs_section_4c
     _TPM2CNT                                    51       2       2       0   .abs_section_51
     _TPM2MOD                                    53       2       2       0   .abs_section_53
     _TPM2C0V                                    56       2       2       0   .abs_section_56
     _TPM2C1V                                    59       2       2       0   .abs_section_59
     _TPM2C2V                                    5C       2       2       0   .abs_section_5c
     _TPM3CNT                                    61       2       2       0   .abs_section_61
     _TPM3MOD                                    63       2       2       0   .abs_section_63
     _TPM3C0V                                    66       2       2       0   .abs_section_66
     _TPM3C1V                                    69       2       2       0   .abs_section_69
     _TPM3C2V                                    6C       2       2       0   .abs_section_6c
     _TPM3C3V                                    6F       2       2       0   .abs_section_6f
     _TPM3C4V                                    72       2       2       0   .abs_section_72
     _TPM3C5V                                    75       2       2       0   .abs_section_75
     _SDID                                     1806       2       2       0   .abs_section_1806
     _DBGCA                                    1810       2       2       0   .abs_section_1810
     _DBGCB                                    1812       2       2       0   .abs_section_1812
     _DBGCC                                    1814       2       2       0   .abs_section_1814
     _DBGF                                     1816       2       2       0   .abs_section_1816
     _SCI2BD                                   1870       2       2       0   .abs_section_1870
MODULE:                 -- rtshc08.o (ansifs.lib) --
- PROCEDURES:
     _Jump_Table_Header_Offset                    0'Error      24      36       0   .text       
- VARIABLES:

*********************************************************************************************
MODULE STATISTIC
  Name                                      Data   Code  Const
---------------------------------------------------------------------------------------------

*********************************************************************************************
SECTION USE IN OBJECT-ALLOCATION SECTION
---------------------------------------------------------------------------------------------

*********************************************************************************************
OBJECT LIST SORTED BY ADDRESS
     Name                                      Addr   hSize   dSize     Ref    Section   RLIB
---------------------------------------------------------------------------------------------

*********************************************************************************************
UNUSED-OBJECTS SECTION
---------------------------------------------------------------------------------------------
NOT USED PROCEDURES
main_c.obj:
  SCI_send sendString convCadena 
rtshc08.o (ansifs.lib):
  _PUSH_ARGS_L _PUSH_ARGS_D _ENTER_UNARY_L _ENTER_UNARY_L64 _ENTER_UNARY_L64_4 
  _ENTER_BINARY_L _ENTER_BINARY_L_RC _ENTER_BINARY_L_LC _ENTER_BINARY_L64 
  _ENTER_BINARY_L64_LC _ENTER_BINARY_L64_RC _IDIVMOD _SPLITSIGN 
  _LADD_k_is_k_plus_j _k_is_k_plus_j_l _k_is_k_plus_j_i _LSUB_k_is_k_minus_j 
  _LAND_k_is_k_and_j _LOR_k_is_k_or_j _LXOR_k_is_k_xor_j _LMUL_k_is_k_mul_j 
  _LDIVMOD _NEG_L_HX _ABS_L_HX _SPLITSIGN_L _LMODU_k_is_k_mod_j 
  _LDIVU_k_is_k_div_j _LMODS_k_is_k_mod_j _LDIVS_k_is_k_div_j _LCMP_k_rel_j 
  _CMP24_k_rel_j _BMULS _BDIVS _BMODS _IMUL_STAR08 _IDIVS_STAR08 _IDIVU_STAR08 
  _IMODS_STAR08 _IMODU_STAR08 _IDIVU_8 _IMODU_8 _IASR _ILSR _ILSL _ICMP _LINC 
  _LDEC _LNEG _LNOT _LADD _LADD_RC _LSUB _LSUB_LC _LSUB_RC _LAND _LAND_RC _LOR 
  _LOR_RC _LXOR _LXOR_RC _LMUL _LMUL_RC _LDIVS _LDIVS_LC _LDIVS_RC _LDIVU 
  _LDIVU_LC _LDIVU_RC _LMODS _LMODS_LC _LMODS_RC _LMODU _LMODU_LC _LMODU_RC 
  _LASR _LLSR _LLSL _LCMP _LCMP_RC _PUSH_ARGS_24 _ENTER_BINARY_24_RC 
  _ENTER_BINARY_24 _CMP24 _CMP24_RC _COPY _COPY_L _POP32 _POP64 _STORE32 
  _STORE64 _SEXT8_32 _SEXT16_32 _CALL_STAR08 _CALL_STAR08_FAR _Jump_Table_Addr 
  _Jump_Table_Offset _Jump_Table_Header_Addr _Search_Table_16_Addr 
  _Search_Table_16_Offset _Search_Table_8_Addr _Search_Table_8_Offset _PUSH_CC 
  _POP_CC _CONV_FAR_TO_NEAR _CONV_FAR_TO_LINEAR _CONV_LINEAR_TO_FAR F_CLRK 
  F_CLRK_Unary F_NANK F_INFK F_TLK F_XGKL _UNPACK_k_to_K _UNPACK_k_to_K_Unary 
  _UNPACK_j_to_L _PACK_K_to_k _PACK_K_to_k_Unary F_NORMK _FADD_K_is_K_plus_L 
  _FMUL_K_is_K_times_L _FDIV_K_is_L_div_K _F_LONGK _F_FLOATK _FCMP_k_rel_j 
  _FADD_Common _FSUB_Common _FMUL_Common _FDIV_Common _FADD _FADD_RC _FSUB 
  _FSUB_RC _FSUB_LC _FMUL _FMUL_RC _FDIV _FDIV_RC _FDIV_LC _FSTRUNC _FUTRUNC 
  _FNEG _FABS _FCMP _FCMP_RC _FINC _FDEC _FSFLOAT _FUFLOAT D_TLK D_TKRes D_XGKL 
  D_CLRK D_CLRK_Unary D_NANK D_INFK D_INFK_Unary _DUNPACK_k_to_K 
  _DUNPACK_k_to_K_Unary _DUNPACK_j_to_L _DPACK_K_to_k _DPACK_K_to_k_Unary 
  D_NORMK_Unary D_NORMK _DADD_K_is_K_plus_L _DMUL_K_is_K_times_L 
  _DDIV_K_is_L_div_K _DCMP_k_rel_j _D_FLOATK _D_LONGK _D_FTODK _D_DTOFK 
  _DADD_Common _DSUB_Common _DMUL_Common _DDIV_Common _DADD _DADD_RC _DSUB 
  _DSUB_RC _DSUB_LC _DMUL _DMUL_RC _DDIV _DDIV_LC _DDIV_RC _DCMP _DCMP_RC _DINC 
  _DDEC _DNEG _DABS _DSFLOAT _DUFLOAT _DSTRUNC _DUTRUNC _DSHORT _DLONG 
NOT USED VARIABLES
main_c.obj:
  factor i num temp 
rtshc08.o (ansifs.lib):
  _PowOfTwo_8 _PowOfTwo_16 _PowOfTwo_32 plus1 minus1 plus1d minus1d errno 

*********************************************************************************************
COPYDOWN SECTION
---------------------------------------------------------------------------------------------

*********************************************************************************************
OBJECT-DEPENDENCIES SECTION
---------------------------------------------------------------------------------------------

*********************************************************************************************
STATISTIC SECTION
---------------------------------------------------------------------------------------------

ExeFile:
--------
Number of blocks to be downloaded: 0
Total size of all blocks to be downloaded: 0

